0: {0, 1, 2, 3, 4}
1: {0} (leaf)
1: {1, 2, 3, 4}
2: {1, 3}
2: {2, 4}
3: {1} (leaf)
3: {2} (leaf)
3: {3} (leaf)
3: {4} (leaf)
